
Discarded input sections

 .text          0x00000000        0x0 start.o
 .data          0x00000000        0x0 start.o
 .bss           0x00000000        0x0 start.o
 .text          0x00000000        0x0 first_test.o
 .data          0x00000000        0x0 first_test.o
 .bss           0x00000000        0x0 first_test.o

Memory Configuration

Name             Origin             Length             Attributes
rom              0x00000000         0x00000c00
ram              0x00000c00         0x00000400
*default*        0x00000000         0xffffffff

Linker script and memory map

LOAD /data/CATALOG_DIG_PG1_OA_DS/sync/python_env/hscpy/extra/riscv/lib/gcc/riscv64-unknown-elf/12.2.0/libgcc.a
                0x00000ffc                        _USER_SP_ADDR = ((ORIGIN (ram) + LENGTH (ram)) - 0x4)

.text           0x00000000       0x70
                0x00000000                        . = 0x0
 *(.text.entrypoint)
 .text.entrypoint
                0x00000000       0x5c start.o
                0x00000000                __start
 *(.text*)
 .text.startup.main
                0x0000005c       0x14 first_test.o
                0x0000005c                main
 *(.rodata*)
                0x00000070                        . = ALIGN (0x4)
                0x00000070                        _text_end = .

.rela.dyn       0x00000070        0x0
 .rela.text.entrypoint
                0x00000070        0x0 start.o

.data           0x00000c00        0x0 load address 0x00000070
                0x00000c00                        _data_start = .
 *(.*data*)
                0x00000c00                        . = ALIGN (0x4)
                0x00000c00                        _data_end = .

.bss            0x00000c00        0x4
                0x00000c00                        _bss_start = .
 *(.*bss*)
 .sbss.z        0x00000c00        0x4 first_test.o
                0x00000c00                z
                0x00000c04                        . = ALIGN (0x4)
                0x00000c04                        _bss_end = .
LOAD start.o
LOAD first_test.o
OUTPUT(firmware_wish_riscv.elf elf32-littleriscv)

.riscv.attributes
                0x00000000       0x33
 .riscv.attributes
                0x00000000       0x31 start.o
 .riscv.attributes
                0x00000031       0x33 first_test.o

.comment        0x00000000       0x10
 .comment       0x00000000       0x10 first_test.o
                                 0x11 (size before relaxing)
